// Jest Snapshot v1, https://goo.gl/fbAQLP

exports[`<MyButton /> should make the snapshot 1`] = `
<button
  disabled=""
>
  Load more
</button>
`;
